// Jest Snapshot v1, https://goo.gl/fbAQLP

exports[`loads 1`] = `
<View>
  <View>
    <Text>
      Loading...
    </Text>
  </View>
</View>
`;

exports[`loads correctly 1`] = `
<View>
  <View>
    <Text>
      Loading...
    </Text>
  </View>
</View>
`;

exports[`renders correctly 1`] = `
<View>
  <View>
    <Text>
      Loading...
    </Text>
  </View>
</View>
`;
